â–² Next.js 16.3.6 (Turbopack)
- Environments: .env.local
âœ“ Running next.config.ts took 44ms

â  The "middleware" file convention is deprecated. Please use "proxy" instead.

  To migrate automatically, run:
  npx @next/codemod@canary middleware-to-proxy .

  Learn more: https://nextjs.org/docs/messages/middleware-to-proxy
  Creating an optimized production build ...
âœ“ Compiled successfully in 1468ms
  Running TypeScript ...
  Finished TypeScript in 3.7s ...
  Collecting page data using 11 workers ...
  Generating static pages using 11 workers (0/26) ...
  Generating static pages using 11 workers (6/26) 
  Generating static pages using 11 workers (12/26) 
  Generating static pages using 11 workers (19/26) 
âœ“ Generating static pages using 11 workers (26/26) in 416ms
  Finalizing page optimization ...

Route (app)
â”Œ â—‹ /
â”œ â—‹ /_not-found
â”œ Æ’ /api/auth/create-profile
â”œ Æ’ /api/auth/resend-otp
â”œ Æ’ /api/auth/signout
â”œ Æ’ /api/auth/signup
â”œ Æ’ /api/auth/signup-admin
â”œ Æ’ /api/auth/verify-otp
â”œ Æ’ /api/newsletter/subscribe
â”œ Æ’ /buddy/dashboard
â”œ Æ’ /buddy/profile
â”œ Æ’ /buddy/requests
â”œ â—‹ /chat
â”œ Æ’ /chat/[conversationId]
â”œ â—‹ /forgot-password
â”œ â—‹ /login
â”œ â—‹ /map
â”œ â—‹ /register
â”œ â—‹ /reset-password
â”œ Æ’ /review/[tripId]
â”œ Æ’ /tourist/browse
â”œ Æ’ /tourist/buddy/[id]
â”œ Æ’ /tourist/dashboard
â”œ Æ’ /tourist/profile
â”œ Æ’ /tourist/trips
â”œ Æ’ /tourist/trips/[id]
â”œ Æ’ /tourist/trips/create
â”” â—‹ /verify-email


Æ’ Proxy (Middleware)

â—‹  (Static)   prerendered as static content
Æ’  (Dynamic)  server-rendered on demand

